Thu Sep 30 20:31:23 EST 2010

1. Setup DHCP to allocate addresses.
2. Setup BIND 9 to do normal DNS caching
3. Setup MySQL
4. Setup PHP + Apache
5. Migrate wordpress to virtual server on Apache.
6. Setup internal virtual server site, with Java + Ruby + Python web apps.

mysql:root:hinsuliagy

wordpress_admin:riderguksi

tim@phoebe:/var/www/blog$ mysql -u root -p
Enter password: 
Welcome to the MySQL monitor.  Commands end with ; or \g.
Your MySQL connection id is 39
Server version: 5.1.49-1ubuntu8.1 (Ubuntu)

Copyright (c) 2000, 2010, Oracle and/or its affiliates. All rights reserved.
This software comes with ABSOLUTELY NO WARRANTY. This is free software,
and you are welcome to modify and redistribute it under the GPL v2 license

Type 'help;' or '\h' for help. Type '\c' to clear the current input statement.

mysql> CREATE DATABASE wordpress;
Query OK, 1 row affected (0.00 sec)

mysql> GRANT ALL PRIVILEGES ON wordpress* TO "wordpress_admin"@"phoebe" IDENTIFIED BY "riderguksi";
ERROR 1046 (3D000): No database selected
mysql> GRANT ALL PRIVILEGES ON wordpress.* TO "wordpress_admin"@"phoebe" IDENTIFIED BY "riderguksi";
Query OK, 0 rows affected (0.00 sec)

mysql> FLUSH PRIVILEGES;
Query OK, 0 rows affected (0.00 sec)

mysql> EXIT
Bye
